<html>
<body>
<pre>
<h1>µVision Build Log</h1>
<h2>Tool Versions:</h2>
IDE-Version: ¦ÌVision V5.31.0.0
Copyright (C) 2020 ARM Ltd and ARM Germany GmbH. All rights reserved.
License Information: yang junl, luren, LIC=32B2Z-JM1IW-45PT5-GEL9Q-X5RIQ-SIT0N
 
Tool Versions:
Toolchain:       MDK-ARM Plus  Version: 5.31.0.0
Toolchain Path:  C:\Keil\ARM\ARMCLANG\Bin
C Compiler:      ArmClang.exe V6.14
Assembler:       Armasm.exe V6.14
Linker/Locator:  ArmLink.exe V6.14
Library Manager: ArmAr.exe V6.14
Hex Converter:   FromElf.exe V6.14
CPU DLL:         SARMCM3.DLL V5.31.0.0
Dialog DLL:      DCM.DLL V1.17.3.0
Target DLL:      UL2CM3.DLL V1.163.4.0
Dialog DLL:      TCM.DLL V1.46.0.0
 
<h2>Project:</h2>
G:\MCU\GitHub\FreeRTOS_Demo\Project\Fire_FreeRTOS.uvprojx
Project File Date:  08/05/2020

<h2>Output:</h2>
*** Using Compiler 'V6.14', folder: 'C:\Keil\ARM\ARMCLANG\Bin'
Rebuild target 'Target 1'
assembling startup_ARMCM3.s...
../User/main.c(6): warning: In file included from...
../freertos/Source/include\list.h(1): warning: In file included from...
../freertos/Source/include/portmacro.h(20): warning: 'configUSE_16_BIT_TICKS' is not defined, evaluates to 0 [-Wundef]
#if(configUSE_16_BIT_TICKS == 1)
    ^
../freertos/Source/include/portmacro.h(29): warning: no newline at end of file [-Wnewline-eof]
#endif /*PORTMACRO_H*/ 
                       ^
../User/main.c(66): warning: no newline at end of file [-Wnewline-eof]
}
 ^
../User/main.c(14): warning: no previous extern declaration for non-static variable 'List_Test' [-Wmissing-variable-declarations]
struct xLIST List_Test;
             ^
../User/main.c(14): note: declare 'static' if the variable is not intended to be used outside of this translation unit
struct xLIST List_Test;
^
../User/main.c(16): warning: no previous extern declaration for non-static variable 'List_Item1' [-Wmissing-variable-declarations]
struct xLIST_ITEM List_Item1;
                  ^
../User/main.c(16): note: declare 'static' if the variable is not intended to be used outside of this translation unit
struct xLIST_ITEM List_Item1;
^
../User/main.c(17): warning: no previous extern declaration for non-static variable 'List_Item2' [-Wmissing-variable-declarations]
struct xLIST_ITEM List_Item2;
                  ^
../User/main.c(17): note: declare 'static' if the variable is not intended to be used outside of this translation unit
struct xLIST_ITEM List_Item2;
^
../User/main.c(18): warning: no previous extern declaration for non-static variable 'List_Item3' [-Wmissing-variable-declarations]
struct xLIST_ITEM List_Item3;
                  ^
../User/main.c(18): note: declare 'static' if the variable is not intended to be used outside of this translation unit
struct xLIST_ITEM List_Item3;
^
../User/main.c(20): warning: no previous extern declaration for non-static variable 'flag1' [-Wmissing-variable-declarations]
uint32_t flag1;
         ^
../User/main.c(20): note: declare 'static' if the variable is not intended to be used outside of this translation unit
uint32_t flag1;
^
../User/main.c(21): warning: no previous extern declaration for non-static variable 'flag2' [-Wmissing-variable-declarations]
uint32_t flag2;
         ^
../User/main.c(21): note: declare 'static' if the variable is not intended to be used outside of this translation unit
uint32_t flag2;
^
9 warnings generated.
compiling main.c...
../freertos/Source/list.c(1): warning: In file included from...
../freertos/Source/include\list.h(1): warning: In file included from...
../freertos/Source/include/portmacro.h(20): warning: 'configUSE_16_BIT_TICKS' is not defined, evaluates to 0 [-Wundef]
#if(configUSE_16_BIT_TICKS == 1)
    ^
../freertos/Source/include/portmacro.h(29): warning: no newline at end of file [-Wnewline-eof]
#endif /*PORTMACRO_H*/ 
                       ^
2 warnings generated.
compiling list.c...
compiling system_ARMCM3.c...
linking...
Program Size: Code=10140 RO-data=1576 RW-data=16 ZI-data=4536  
".\Objects\Fire_FreeRTOS.axf" - 0 Error(s), 11 Warning(s).

<h2>Software Packages used:</h2>

Package Vendor: ARM
                http://www.keil.com/pack/ARM.CMSIS.5.7.0.pack
                ARM.CMSIS.5.7.0
                CMSIS (Cortex Microcontroller Software Interface Standard)
   * Component: CORE Version: 5.4.0
   * Component: Startup Version: 1.2.2

<h2>Collection of Component include folders:</h2>
  .\RTE\_Target_1
  C:\Keil\ARM\PACK\ARM\CMSIS\5.7.0\CMSIS\Core\Include
  C:\Keil\ARM\PACK\ARM\CMSIS\5.7.0\Device\ARM\ARMCM3\Include

<h2>Collection of Component Files used:</h2>

   * Component: ARM::CMSIS:CORE:5.4.0

   * Component: ARM::Device:Startup:1.2.2
      Source file:   Device\ARM\ARMCM3\Source\system_ARMCM3.c
      Include file:  Device\ARM\ARMCM3\Include\ARMCM3.h
      Source file:   Device\ARM\ARMCM3\Source\ARM\startup_ARMCM3.s
Build Time Elapsed:  00:00:02
</pre>
</body>
</html>
