<html>
<body>
<pre>
<h1>µVision Build Log</h1>
<h2>Tool Versions:</h2>
IDE-Version: ¦ÌVision V5.31.0.0
Copyright (C) 2020 ARM Ltd and ARM Germany GmbH. All rights reserved.
License Information: yang junl, luren, LIC=32B2Z-JM1IW-45PT5-GEL9Q-X5RIQ-SIT0N
 
Tool Versions:
Toolchain:       MDK-ARM Plus  Version: 5.31.0.0
Toolchain Path:  C:\Keil\ARM\ARMCLANG\Bin
C Compiler:      ArmClang.exe V6.14
Assembler:       Armasm.exe V6.14
Linker/Locator:  ArmLink.exe V6.14
Library Manager: ArmAr.exe V6.14
Hex Converter:   FromElf.exe V6.14
CPU DLL:         SARMCM3.DLL V5.31.0.0
Dialog DLL:      DCM.DLL V1.17.3.0
Target DLL:      UL2CM3.DLL V1.163.4.0
Dialog DLL:      TCM.DLL V1.46.0.0
 
<h2>Project:</h2>
G:\MCU\GitHub\FreeRTOS_Demo\Project\Fire_FreeRTOS.uvprojx
Project File Date:  09/07/2020

<h2>Output:</h2>
*** Using Compiler 'V6.14', folder: 'C:\Keil\ARM\ARMCLANG\Bin'
Build target 'Target 1'
../freertos/Source/task.c(1): warning: In file included from...
../freertos/Source/include\portmacro.h(20): warning: 'configUSE_16_BIT_TICKS' is not defined, evaluates to 0 [-Wundef]
#if(configUSE_16_BIT_TICKS == 1)
    ^
../freertos/Source/include\portmacro.h(29): warning: no newline at end of file [-Wnewline-eof]
#endif /*PORTMACRO_H*/ 
                       ^
../freertos/Source/task.c(2): warning: In file included from...
../freertos/Source/include\FreeRTOSConfig.h(7): warning: no newline at end of file [-Wnewline-eof]
#endif/*FREERTOS_CONFIG_H*/
                           ^
../freertos/Source/task.c(3): warning: In file included from...
../freertos/Source/include\task.h(1): warning: In file included from...
../freertos/Source/include/FreeRTOS.h(15): warning: no newline at end of file [-Wnewline-eof]
#endif
      ^
../freertos/Source/task.c(3): warning: In file included from...
../freertos/Source/include\task.h(2): warning: In file included from...
../freertos/Source/include/projdefs.h(12): warning: no newline at end of file [-Wnewline-eof]
#endif
      ^
../freertos/Source/task.c(3): warning: In file included from...
../freertos/Source/include\task.h(26): warning: no newline at end of file [-Wnewline-eof]
                                
                                ^
../freertos/Source/task.c(4): warning: In file included from...
../freertos/portable/RVDS/ARM_CM3/include\port.h(8): warning: no newline at end of file [-Wnewline-eof]
                                        void *pvParameters);
                                                            ^
../freertos/Source/task.c(71): warning: incompatible pointer types passing 'ListItem_t *' (aka 'struct xLIST_ITEM *') to parameter of type 'List_t *' (aka 'struct xLIST *') [-Wincompatible-pointer-types]
    vListInitialise(&(pxNewTCB->xStatuListItem));
                    ^~~~~~~~~~~~~~~~~~~~~~~~~~~
../freertos/Source/include/list.h(66): note: passing argument to parameter 'pxList' here
void vListInitialise(List_t * const pxList);
                                    ^
../freertos/Source/task.c(83): warning: no newline at end of file [-Wnewline-eof]
}
 ^
../freertos/Source/task.c(6): warning: no previous extern declaration for non-static variable 'Task1TCB' [-Wmissing-variable-declarations]
TCB_t Task1TCB;
      ^
../freertos/Source/task.c(6): note: declare 'static' if the variable is not intended to be used outside of this translation unit
TCB_t Task1TCB;
^
../freertos/Source/task.c(7): warning: no previous extern declaration for non-static variable 'Task2TCB' [-Wmissing-variable-declarations]
TCB_t Task2TCB;
      ^
../freertos/Source/task.c(7): note: declare 'static' if the variable is not intended to be used outside of this translation unit
TCB_t Task2TCB;
^
../freertos/Source/task.c(4): warning: In file included from...
../freertos/portable/RVDS/ARM_CM3/include\port.h(5): warning: unused function 'prvTaskExitError' [-Wunused-function]
static void prvTaskExitError(void);
            ^
12 warnings generated.
compiling task.c...
../freertos/portable/RVDS/ARM_CM3/port.c(1): warning: In file included from...
../freertos/portable/RVDS/ARM_CM3/include\port.h(1): warning: In file included from...
../freertos/Source/include\portmacro.h(20): warning: 'configUSE_16_BIT_TICKS' is not defined, evaluates to 0 [-Wundef]
#if(configUSE_16_BIT_TICKS == 1)
    ^
../freertos/Source/include\portmacro.h(29): warning: no newline at end of file [-Wnewline-eof]
#endif /*PORTMACRO_H*/ 
                       ^
../freertos/portable/RVDS/ARM_CM3/port.c(1): warning: In file included from...
../freertos/portable/RVDS/ARM_CM3/include\port.h(2): warning: In file included from...
../freertos/Source/include\projdefs.h(12): warning: no newline at end of file [-Wnewline-eof]
#endif
      ^
../freertos/portable/RVDS/ARM_CM3/port.c(1): warning: In file included from...
../freertos/portable/RVDS/ARM_CM3/include\port.h(8): warning: no newline at end of file [-Wnewline-eof]
                                        void *pvParameters);
                                                            ^
../freertos/portable/RVDS/ARM_CM3/port.c(7): warning: function 'prvTaskExitError' could be declared with attribute 'noreturn' [-Wmissing-noreturn]
{
^
5 warnings generated.
compiling port.c...
linking...
Program Size: Code=10140 RO-data=1576 RW-data=16 ZI-data=4536  
".\Objects\Fire_FreeRTOS.axf" - 0 Error(s), 17 Warning(s).

<h2>Software Packages used:</h2>

Package Vendor: ARM
                http://www.keil.com/pack/ARM.CMSIS.5.7.0.pack
                ARM.CMSIS.5.7.0
                CMSIS (Cortex Microcontroller Software Interface Standard)
   * Component: CORE Version: 5.4.0
   * Component: Startup Version: 1.2.2

<h2>Collection of Component include folders:</h2>
  .\RTE\_Target_1
  C:\Keil\ARM\PACK\ARM\CMSIS\5.7.0\CMSIS\Core\Include
  C:\Keil\ARM\PACK\ARM\CMSIS\5.7.0\Device\ARM\ARMCM3\Include

<h2>Collection of Component Files used:</h2>

   * Component: ARM::CMSIS:CORE:5.4.0

   * Component: ARM::Device:Startup:1.2.2
      Include file:  Device\ARM\ARMCM3\Include\ARMCM3.h
      Source file:   Device\ARM\ARMCM3\Source\system_ARMCM3.c
      Source file:   Device\ARM\ARMCM3\Source\ARM\startup_ARMCM3.s
Build Time Elapsed:  00:00:01
</pre>
</body>
</html>
